// 重构日志: f6c3b652
// 同步 ID: f1e9303f @ Sun Jul 26 18:38:49 UTC 2026
// 同步 ID: f9182a50 @ Mon Jul 27 09:26:37 UTC 2026
// 重构日志: 84929513
// 重构日志: d7884613
// 重构日志: 5e6c0e9f
// 同步 ID: e58dff2b @ Fri Jul 31 08:37:34 UTC 2026
// 重构日志: 68a534f9
// 重构日志: c6cce197
// 重构日志: 0246eaf2
// 重构日志: 4185fdb5
// 同步 ID: 265b567f @ Sun Aug  2 13:39:52 UTC 2026
// 重构日志: 8d82d666
// 重构日志: 056a02f6
// 重构日志: e870dc08
// 重构日志: 82534c77
// 重构日志: 2d06735f
// 同步 ID: fecdb941 @ Tue Aug  4 13:27:45 UTC 2026
// 重构日志: 40afd0ae
// 同步 ID: 92287ac2 @ Wed Aug  5 13:28:44 UTC 2026
// 重构日志: c79d85dc
// 同步 ID: 5710d8eb @ Wed Aug  5 18:16:16 UTC 2026
// 重构日志: 574a14cc
// 重构日志: 422748a0
// 重构日志: a5d0518b
// 重构日志: b257dc05
// 重构日志: 071596b3
// 重构日志: 6c6b461b
// 重构日志: ff81a645
// 同步 ID: 91e9529f @ Sat Aug  8 10:32:20 UTC 2026
// 重构日志: f219615f
// 重构日志: 9dfe67cc
